// Jest Snapshot v1, https://goo.gl/fbAQLP

exports[`Counter component test cases snapshot for counter 1`] = `
<DocumentFragment>
  <div
    class="container"
  >
    <button>
      -
    </button>
    <p>
      Count: 0 
    </p>
    <button>
      +
    </button>
  </div>
</DocumentFragment>
`;
